// Jest Snapshot v1, https://goo.gl/fbAQLP

exports[`As soon as it is drawn, it is marked OFF. 1`] = `
<div>
  <button>
    OFF
  </button>
</div>
`;
